COMMAND: .venv/bin/python -m plotter_processor --help
STARTED_UTC: 2026-08-21T09:41:07.595859+00:00
ENDED_UTC: 2026-08-21T09:41:08.881424+00:00
DURATION_SECONDS: 1.285553
EXIT_CODE: 0

--- STDOUT ---
usage: plotter-processor [-h]
                         {run,svg,extract,font-info,compile-centerline-font,font-cache-info,tune-centerline-glyphs,compose,gcode,calibrate,calibrate-speed,calibrate-pen,compare-jobs}
                         ...

Convert TXT/DOCX/PDF text and a TTF font into vector paths and G-code.

positional arguments:
  {run,svg,extract,font-info,compile-centerline-font,font-cache-info,tune-centerline-glyphs,compose,gcode,calibrate,calibrate-speed,calibrate-pen,compare-jobs}
    run                 Run the complete vector pipeline.
    svg                 Generate vector previews and paths.
    extract             Extract text from TXT, DOCX or PDF.
    font-info           Inspect a TTF font.
    compile-centerline-font
                        Compile ordinary TTF glyphs into centerline strokes.
    font-cache-info     Inspect the reusable centerline cache for one TTF
                        font.
    tune-centerline-glyphs
                        Search a bounded centerline parameter grid.
    compose             Compose text and safe SVG line-art.
    gcode               Generate G-code from paths JSON v2.
    calibrate           Generate calibration G-code.
    calibrate-speed     Generate safe calibrate-speed G-code.
    calibrate-pen       Generate safe calibrate-pen G-code.
    compare-jobs        Compare job reports and geometry.

options:
  -h, --help            show this help message and exit

--- STDERR ---

