COMMAND: .venv/bin/python -m plotter_processor compose --help
STARTED_UTC: 2026-08-21T09:41:17.366557+00:00
ENDED_UTC: 2026-08-21T09:41:18.649084+00:00
DURATION_SECONDS: 1.282514
EXIT_CODE: 0

--- STDOUT ---
usage: plotter-processor compose [-h] [--layout-config LAYOUT_CONFIG]
                                 [--machine-config MACHINE_CONFIG]
                                 --output-dir OUTPUT_DIR
                                 [--connections {off,safe,aggressive}]
                                 [--motion-profile {safe,balanced,fast}]
                                 [--latex {auto,mathtext,off}] [--latex-debug]
                                 [--latex-stroke-mode {centerline,outline}]
                                 [--strict-latex-quality]
                                 manifest

positional arguments:
  manifest

options:
  -h, --help            show this help message and exit
  --layout-config LAYOUT_CONFIG
  --machine-config MACHINE_CONFIG
  --output-dir OUTPUT_DIR
  --connections {off,safe,aggressive}
  --motion-profile {safe,balanced,fast}
  --latex {auto,mathtext,off}
  --latex-debug
  --latex-stroke-mode {centerline,outline}
  --strict-latex-quality

--- STDERR ---

