COMMAND: make font-cache-status FONT=assets/1.ttf
STARTED_UTC: 2026-08-21T09:42:29.067420+00:00
ENDED_UTC: 2026-08-21T09:42:31.020960+00:00
DURATION_SECONDS: 1.953526
EXIT_CODE: 0

--- STDOUT ---
.venv/bin/python -m plotter_processor font-cache-info "assets/1.ttf" \
	--layout-config "configs/layout.yaml" \
	--cache-directory "1-font-cache"
{
  "cache_directory": "1-font-cache",
  "cache_path": "1-font-cache/4dac9db3fa9ca072f7861fd916bf04bdceac6069d0f3a886f5e523d922e918f1/233bbe220f51669fc07f4bf7cc1a719006352d13b3876b0edaaf46bca391c8cf/centerlines.json",
  "font_sha256": "4dac9db3fa9ca072f7861fd916bf04bdceac6069d0f3a886f5e523d922e918f1",
  "algorithm_version": 6,
  "config_fingerprint": "233bbe220f51669fc07f4bf7cc1a719006352d13b3876b0edaaf46bca391c8cf",
  "cached_glyph_count": 169,
  "cache_size_bytes": 18341377,
  "exists": true,
  "valid": true
}

--- STDERR ---

