COMMAND: make lint
STARTED_UTC: 2026-08-21T09:41:50.829820+00:00
ENDED_UTC: 2026-08-21T09:41:50.870523+00:00
DURATION_SECONDS: 0.040693
EXIT_CODE: 2

--- STDOUT ---
.venv/bin/python -m ruff check .
EXE001 Shebang is present but file is not executable
 --> report/tools/run_logged.py:1:1
  |
1 | #!/usr/bin/env python3
  | ^^^^^^^^^^^^^^^^^^^^^^
2 | """Run one audit command and preserve its exact output and metadata."""
  |

UP017 [*] Use `datetime.UTC` alias
  --> report/tools/run_logged.py:35:28
   |
34 |     rendered = shlex.join(command)
35 |     started = datetime.now(timezone.utc)
   |                            ^^^^^^^^^^^^
36 |     start = time.monotonic()
37 |     result = subprocess.run(command, cwd=root, text=True, capture_output=True)
   |
help: Convert to `datetime.UTC` alias
   |
11 | import time
   - from datetime import datetime, timezone
12 + from datetime import datetime, timezone, UTC
13 | from pathlib import Path
--------------------------------------------------------------------------------
34 |     rendered = shlex.join(command)
   -     started = datetime.now(timezone.utc)
35 +     started = datetime.now(UTC)
36 |     start = time.monotonic()
   |

PLW1510 `subprocess.run` without explicit `check` argument
  --> report/tools/run_logged.py:37:14
   |
35 |     started = datetime.now(timezone.utc)
36 |     start = time.monotonic()
37 |     result = subprocess.run(command, cwd=root, text=True, capture_output=True)
   |              ^^^^^^^^^^^^^^
38 |     duration = time.monotonic() - start
39 |     ended = datetime.now(timezone.utc)
   |
help: Add explicit `check=False`

UP017 [*] Use `datetime.UTC` alias
  --> report/tools/run_logged.py:39:26
   |
37 |     result = subprocess.run(command, cwd=root, text=True, capture_output=True)
38 |     duration = time.monotonic() - start
39 |     ended = datetime.now(timezone.utc)
   |                          ^^^^^^^^^^^^
40 |
41 |     log_text = (
   |
help: Convert to `datetime.UTC` alias
   |
11 | import time
   - from datetime import datetime, timezone
12 + from datetime import datetime, timezone, UTC
13 | from pathlib import Path
--------------------------------------------------------------------------------
38 |     duration = time.monotonic() - start
   -     ended = datetime.now(timezone.utc)
39 +     ended = datetime.now(UTC)
40 |
   |

Found 4 errors.
[*] 2 fixable with the `--fix` option.

--- STDERR ---
make: *** [Makefile:24: lint] Error 1

