COMMAND: .venv/bin/python -m plotter_processor run --help
STARTED_UTC: 2026-08-21T09:41:08.995778+00:00
ENDED_UTC: 2026-08-21T09:41:10.264099+00:00
DURATION_SECONDS: 1.268310
EXIT_CODE: 0

--- STDOUT ---
usage: plotter-processor run [-h] --font FONT [--page {A4,A5}]
                             [--size {small,normal,large}]
                             [--layout-config LAYOUT_CONFIG]
                             [--machine-config MACHINE_CONFIG]
                             [--output-dir OUTPUT_DIR] [--no-optimize-travel]
                             [--font-mode {outline,centerline}]
                             [--centerline-cache CENTERLINE_CACHE]
                             [--force-centerline-rebuild]
                             [--strict-centerline-quality]
                             [--motion-profile {safe,balanced,fast}]
                             [--join-writing]
                             [--layout-engine {legacy,harfbuzz}]
                             [--connections {off,safe,aggressive}]
                             [--connection-debug]
                             [--images {auto,outline,centerline,off}]
                             [--image-debug] [--pdf-layout {reflow,preserve}]
                             [--document-layout {reflow,hybrid,preserve}]
                             [--layout-debug] [--semantic-debug] [--paginate]
                             [--no-paginate] [--page-numbers]
                             [--no-page-numbers]
                             [--page-pause-seconds PAGE_PAUSE_SECONDS]
                             [--park-corner {top_left,top_right,bottom_left,bottom_right}]
                             [--latex {auto,mathtext,off}] [--latex-debug]
                             [--latex-stroke-mode {centerline,outline}]
                             [--strict-latex-quality]
                             [--pdf-math {auto,visual,off}] [--math-debug]
                             input

positional arguments:
  input

options:
  -h, --help            show this help message and exit
  --font FONT
  --page {A4,A5}
  --size {small,normal,large}
  --layout-config LAYOUT_CONFIG
  --machine-config MACHINE_CONFIG
  --output-dir OUTPUT_DIR
  --no-optimize-travel
  --font-mode {outline,centerline}
  --centerline-cache CENTERLINE_CACHE
  --force-centerline-rebuild
  --strict-centerline-quality
  --motion-profile {safe,balanced,fast}
  --join-writing        Join eligible centerline letters within words.
  --layout-engine {legacy,harfbuzz}
  --connections {off,safe,aggressive}
  --connection-debug
  --images {auto,outline,centerline,off}
  --image-debug
  --pdf-layout {reflow,preserve}
  --document-layout {reflow,hybrid,preserve}
  --layout-debug
  --semantic-debug
  --paginate
  --no-paginate
  --page-numbers
  --no-page-numbers
  --page-pause-seconds PAGE_PAUSE_SECONDS
  --park-corner {top_left,top_right,bottom_left,bottom_right}
  --latex {auto,mathtext,off}
  --latex-debug
  --latex-stroke-mode {centerline,outline}
  --strict-latex-quality
  --pdf-math {auto,visual,off}
  --math-debug

--- STDERR ---

